[SPX] Starting
[SPX] Trading 2 products: GPU Router
[SPX] Created FIFO /tmp/spx_exchange_0
[SPX] Created FIFO /tmp/spx_trader_0
[SPX] Starting trader 0 (./trader_a)
[SPX] Connected to /tmp/spx_exchange_0
[SPX] Connected to /tmp/spx_trader_0
[SPX] [T0] Parsing command: <SELL 0 GPU 300 5060>
[SPX]   --ORDERBOOK--
[SPX]   Product: GPU; Buy levels: 0; Sell levels: 1
[SPX]           SELL 300 @ $5060 (1 order)
[SPX]   Product: Router; Buy levels: 0; Sell levels: 0
[SPX]   --POSITIONS--
[SPX]   Trader 0: GPU 0 ($0), Router 0 ($0)
[SPX] [T0] Parsing command: <SELL 1 GPU 300 5060>
[SPX]   --ORDERBOOK--
[SPX]   Product: GPU; Buy levels: 0; Sell levels: 1
[SPX]           SELL 600 @ $5060 (2 orders)
[SPX]   Product: Router; Buy levels: 0; Sell levels: 0
[SPX]   --POSITIONS--
[SPX]   Trader 0: GPU 0 ($0), Router 0 ($0)
[SPX] [T0] Parsing command: <SELL 2 GPU 300 5040>
[SPX]   --ORDERBOOK--
[SPX]   Product: GPU; Buy levels: 0; Sell levels: 2
[SPX]           SELL 300 @ $5040 (1 order)
[SPX]           SELL 600 @ $5060 (2 orders)
[SPX]   Product: Router; Buy levels: 0; Sell levels: 0
[SPX]   --POSITIONS--
[SPX]   Trader 0: GPU 0 ($0), Router 0 ($0)
[SPX] [T0] Parsing command: <SELL 3 GPU 300 5030>
[SPX]   --ORDERBOOK--
[SPX]   Product: GPU; Buy levels: 0; Sell levels: 3
[SPX]           SELL 300 @ $5030 (1 order)
[SPX]           SELL 300 @ $5040 (1 order)
[SPX]           SELL 600 @ $5060 (2 orders)
[SPX]   Product: Router; Buy levels: 0; Sell levels: 0
[SPX]   --POSITIONS--
[SPX]   Trader 0: GPU 0 ($0), Router 0 ($0)
[SPX] [T0] Parsing command: <SELL 4 GPU 300 5020>
[SPX]   --ORDERBOOK--
[SPX]   Product: GPU; Buy levels: 0; Sell levels: 4
[SPX]           SELL 300 @ $5020 (1 order)
[SPX]           SELL 300 @ $5030 (1 order)
[SPX]           SELL 300 @ $5040 (1 order)
[SPX]           SELL 600 @ $5060 (2 orders)
[SPX]   Product: Router; Buy levels: 0; Sell levels: 0
[SPX]   --POSITIONS--
[SPX]   Trader 0: GPU 0 ($0), Router 0 ($0)
[SPX] [T0] Parsing command: <BUY 5 GPU 1500 6000>
[SPX] Match: Order 5 [T0], New Order 4 [T0], value: $1800000, fee: $18000.
[SPX] Match: Order 5 [T0], New Order 3 [T0], value: $1800000, fee: $18000.
[SPX] Match: Order 5 [T0], New Order 2 [T0], value: $1800000, fee: $18000.
[SPX] Match: Order 5 [T0], New Order 0 [T0], value: $1800000, fee: $18000.
[SPX] Match: Order 5 [T0], New Order 1 [T0], value: $1800000, fee: $18000.
[SPX]   --ORDERBOOK--
[SPX]   Product: GPU; Buy levels: 0; Sell levels: 0
[SPX]   Product: Router; Buy levels: 0; Sell levels: 0
[SPX]   --POSITIONS--
[SPX]   Trader 0: GPU 0 ($-90000), Router 0 ($0)
[SPX] Trader 0 disconnected
[SPX] Trading completed
[SPX] Exchange fees collected: $90000