[SPX] Starting
[SPX] Trading 2 products: GPU Router
[SPX] Created FIFO /tmp/spx_exchange_0
[SPX] Created FIFO /tmp/spx_trader_0
[SPX] Starting trader 0 (./trader_a)
[SPX] Connected to /tmp/spx_exchange_0
[SPX] Connected to /tmp/spx_trader_0
[SPX] [T0] Parsing command: <BUY 0 GPU 30 501>
[SPX]   --ORDERBOOK--
[SPX]   Product: GPU; Buy levels: 1; Sell levels: 0
[SPX]           BUY 30 @ $501 (1 order)
[SPX]   Product: Router; Buy levels: 0; Sell levels: 0
[SPX]   --POSITIONS--
[SPX]   Trader 0: GPU 0 ($0), Router 0 ($0)
[SPX] [T0] Parsing command: <AMEND 0 5 502>
[SPX]   --ORDERBOOK--
[SPX]   Product: GPU; Buy levels: 1; Sell levels: 0
[SPX]           BUY 5 @ $502 (1 order)
[SPX]   Product: Router; Buy levels: 0; Sell levels: 0
[SPX]   --POSITIONS--
[SPX]   Trader 0: GPU 0 ($0), Router 0 ($0)
[SPX] [T0] Parsing command: <SELL 1 GPU 5 502>
[SPX] Match: Order 0 [T0], New Order 1 [T0], value: $2510, fee: $25.
[SPX]   --ORDERBOOK--
[SPX]   Product: GPU; Buy levels: 0; Sell levels: 0
[SPX]   Product: Router; Buy levels: 0; Sell levels: 0
[SPX]   --POSITIONS--
[SPX]   Trader 0: GPU 0 ($-25), Router 0 ($0)
[SPX] Trader 0 disconnected
[SPX] Trading completed
[SPX] Exchange fees collected: $25