[SPX] Starting
[SPX] Trading 2 products: GPU Router
[SPX] Created FIFO /tmp/spx_exchange_0
[SPX] Created FIFO /tmp/spx_trader_0
[SPX] Starting trader 0 (./trader_a)
[SPX] Connected to /tmp/spx_exchange_0
[SPX] Connected to /tmp/spx_trader_0
[SPX] [T0] Parsing command: <BUY 1 GPU 30 501>
[SPX] Trader 0 disconnected
[SPX] Trading completed
[SPX] Exchange fees collected: $0