[SPX] Starting
[SPX] Trading 2 products: GPU Router
[SPX] Created FIFO /tmp/spx_exchange_0
[SPX] Created FIFO /tmp/spx_trader_0
[SPX] Starting trader 0 (./trader_a)
[SPX] Connected to /tmp/spx_exchange_0
[SPX] Connected to /tmp/spx_trader_0
[SPX] [T0] Parsing command: <SELL 0 GPU 30 506>
[SPX]   --ORDERBOOK--
[SPX]   Product: GPU; Buy levels: 0; Sell levels: 1
[SPX]           SELL 30 @ $506 (1 order)
[SPX]   Product: Router; Buy levels: 0; Sell levels: 0
[SPX]   --POSITIONS--
[SPX]   Trader 0: GPU 0 ($0), Router 0 ($0)
[SPX] [T0] Parsing command: <SELL 1 GPU 30 505>
[SPX]   --ORDERBOOK--
[SPX]   Product: GPU; Buy levels: 0; Sell levels: 2
[SPX]           SELL 30 @ $505 (1 order)
[SPX]           SELL 30 @ $506 (1 order)
[SPX]   Product: Router; Buy levels: 0; Sell levels: 0
[SPX]   --POSITIONS--
[SPX]   Trader 0: GPU 0 ($0), Router 0 ($0)
[SPX] [T0] Parsing command: <SELL 2 GPU 30 504>
[SPX]   --ORDERBOOK--
[SPX]   Product: GPU; Buy levels: 0; Sell levels: 3
[SPX]           SELL 30 @ $504 (1 order)
[SPX]           SELL 30 @ $505 (1 order)
[SPX]           SELL 30 @ $506 (1 order)
[SPX]   Product: Router; Buy levels: 0; Sell levels: 0
[SPX]   --POSITIONS--
[SPX]   Trader 0: GPU 0 ($0), Router 0 ($0)
[SPX] [T0] Parsing command: <SELL 3 GPU 30 503>
[SPX]   --ORDERBOOK--
[SPX]   Product: GPU; Buy levels: 0; Sell levels: 4
[SPX]           SELL 30 @ $503 (1 order)
[SPX]           SELL 30 @ $504 (1 order)
[SPX]           SELL 30 @ $505 (1 order)
[SPX]           SELL 30 @ $506 (1 order)
[SPX]   Product: Router; Buy levels: 0; Sell levels: 0
[SPX]   --POSITIONS--
[SPX]   Trader 0: GPU 0 ($0), Router 0 ($0)
[SPX] [T0] Parsing command: <SELL 4 GPU 30 502>
[SPX]   --ORDERBOOK--
[SPX]   Product: GPU; Buy levels: 0; Sell levels: 5
[SPX]           SELL 30 @ $502 (1 order)
[SPX]           SELL 30 @ $503 (1 order)
[SPX]           SELL 30 @ $504 (1 order)
[SPX]           SELL 30 @ $505 (1 order)
[SPX]           SELL 30 @ $506 (1 order)
[SPX]   Product: Router; Buy levels: 0; Sell levels: 0
[SPX]   --POSITIONS--
[SPX]   Trader 0: GPU 0 ($0), Router 0 ($0)
[SPX] [T0] Parsing command: <SELL 5 GPU 30 501>
[SPX]   --ORDERBOOK--
[SPX]   Product: GPU; Buy levels: 0; Sell levels: 6
[SPX]           SELL 30 @ $501 (1 order)
[SPX]           SELL 30 @ $502 (1 order)
[SPX]           SELL 30 @ $503 (1 order)
[SPX]           SELL 30 @ $504 (1 order)
[SPX]           SELL 30 @ $505 (1 order)
[SPX]           SELL 30 @ $506 (1 order)
[SPX]   Product: Router; Buy levels: 0; Sell levels: 0
[SPX]   --POSITIONS--
[SPX]   Trader 0: GPU 0 ($0), Router 0 ($0)
[SPX] Trader 0 disconnected
[SPX] Trading completed
[SPX] Exchange fees collected: $0