[SPX] Starting
[SPX] Trading 2 products: GPU Router
[SPX] Created FIFO /tmp/spx_exchange_0
[SPX] Created FIFO /tmp/spx_trader_0
[SPX] Starting trader 0 (./trader_a)
[SPX] Connected to /tmp/spx_exchange_0
[SPX] Connected to /tmp/spx_trader_0
[SPX] [T0] Parsing command: <SELL 0 GPU 300 500>
[SPX]   --ORDERBOOK--
[SPX]   Product: GPU; Buy levels: 0; Sell levels: 1
[SPX]           SELL 300 @ $500 (1 order)
[SPX]   Product: Router; Buy levels: 0; Sell levels: 0
[SPX]   --POSITIONS--
[SPX]   Trader 0: GPU 0 ($0), Router 0 ($0)
[SPX] [T0] Parsing command: <BUY 1 GPU 300 500>
[SPX] Match: Order 1 [T0], New Order 0 [T0], value: $150000, fee: $1500.
[SPX]   --ORDERBOOK--
[SPX]   Product: GPU; Buy levels: 0; Sell levels: 0
[SPX]   Product: Router; Buy levels: 0; Sell levels: 0
[SPX]   --POSITIONS--
[SPX]   Trader 0: GPU 0 ($-1500), Router 0 ($0)
[SPX] Trader 0 disconnected
[SPX] Trading completed
[SPX] Exchange fees collected: $1500