[SPX] Starting
[SPX] Trading 2 products: GPU Router
[SPX] Created FIFO /tmp/spx_exchange_0
[SPX] Created FIFO /tmp/spx_trader_0
[SPX] Starting trader 0 (./trader_a)
[SPX] Connected to /tmp/spx_exchange_0
[SPX] Connected to /tmp/spx_trader_0
[SPX] [T0] Parsing command: <SELL 0 GPU 30 500>
[SPX]   --ORDERBOOK--
[SPX]   Product: GPU; Buy levels: 0; Sell levels: 1
[SPX]           SELL 30 @ $500 (1 order)
[SPX]   Product: Router; Buy levels: 0; Sell levels: 0
[SPX]   --POSITIONS--
[SPX]   Trader 0: GPU 0 ($0), Router 0 ($0)
[SPX] [T0] Parsing command: <BUY 1 GPU 300 400>
[SPX]   --ORDERBOOK--
[SPX]   Product: GPU; Buy levels: 1; Sell levels: 1
[SPX]           SELL 30 @ $500 (1 order)
[SPX]           BUY 300 @ $400 (1 order)
[SPX]   Product: Router; Buy levels: 0; Sell levels: 0
[SPX]   --POSITIONS--
[SPX]   Trader 0: GPU 0 ($0), Router 0 ($0)
[SPX] [T0] Parsing command: <SELL 2 GPU 30 501>
[SPX]   --ORDERBOOK--
[SPX]   Product: GPU; Buy levels: 1; Sell levels: 2
[SPX]           SELL 30 @ $500 (1 order)
[SPX]           SELL 30 @ $501 (1 order)
[SPX]           BUY 300 @ $400 (1 order)
[SPX]   Product: Router; Buy levels: 0; Sell levels: 0
[SPX]   --POSITIONS--
[SPX]   Trader 0: GPU 0 ($0), Router 0 ($0)
[SPX] [T0] Parsing command: <BUY 3 GPU 300 501>
[SPX] Match: Order 3 [T0], New Order 0 [T0], value: $15030, fee: $150.
[SPX] Match: Order 3 [T0], New Order 2 [T0], value: $15030, fee: $150.
[SPX]   --ORDERBOOK--
[SPX]   Product: GPU; Buy levels: 2; Sell levels: 0
[SPX]           BUY 240 @ $501 (1 order)
[SPX]           BUY 300 @ $400 (1 order)
[SPX]   Product: Router; Buy levels: 0; Sell levels: 0
[SPX]   --POSITIONS--
[SPX]   Trader 0: GPU 0 ($-300), Router 0 ($0)
[SPX] [T0] Parsing command: <AMEND 1 30 600>
[SPX]   --ORDERBOOK--
[SPX]   Product: GPU; Buy levels: 2; Sell levels: 0
[SPX]           BUY 30 @ $600 (1 order)
[SPX]           BUY 240 @ $501 (1 order)
[SPX]   Product: Router; Buy levels: 0; Sell levels: 0
[SPX]   --POSITIONS--
[SPX]   Trader 0: GPU 0 ($-300), Router 0 ($0)
[SPX] [T0] Parsing command: <CANCEL 3>
[SPX]   --ORDERBOOK--
[SPX]   Product: GPU; Buy levels: 1; Sell levels: 0
[SPX]           BUY 30 @ $600 (1 order)
[SPX]   Product: Router; Buy levels: 0; Sell levels: 0
[SPX]   --POSITIONS--
[SPX]   Trader 0: GPU 0 ($-300), Router 0 ($0)
[SPX] [T0] Parsing command: <SELL 4 Router 30 500>
[SPX]   --ORDERBOOK--
[SPX]   Product: GPU; Buy levels: 1; Sell levels: 0
[SPX]           BUY 30 @ $600 (1 order)
[SPX]   Product: Router; Buy levels: 0; Sell levels: 1
[SPX]           SELL 30 @ $500 (1 order)
[SPX]   --POSITIONS--
[SPX]   Trader 0: GPU 0 ($-300), Router 0 ($0)
[SPX] [T0] Parsing command: <BUY 5 Router 30 500>
[SPX] Match: Order 4 [T0], New Order 5 [T0], value: $15000, fee: $150.
[SPX]   --ORDERBOOK--
[SPX]   Product: GPU; Buy levels: 0; Sell levels: 0
[SPX]   Product: Router; Buy levels: 0; Sell levels: 0
[SPX]   --POSITIONS--
[SPX]   Trader 0: GPU 0 ($-300), Router 0 ($-150)
[SPX] Trader 0 disconnected
[SPX] Trading completed
[SPX] Exchange fees collected: $450